// Jest Snapshot v1, https://jestjs.io/docs/snapshot-testing

exports[`Button Component matches snapshot 1`] = `
<DocumentFragment>
  <button>
    Click me
  </button>
</DocumentFragment>
`;
